ЁЯУб [youtubeService] Using binary: C:\Users\Jaloliddin\.gemini\antigravity\scratch\sadomedia\node_modules\youtube-dl-exec\bin\yt-dlp.exe
Original Text: Hydra Rockets Overload Extremely Satisfying
https://youtube.com/shorts/CiSxuyLGC5k?si=sTVu_4AKCaPpG_mR
Cleaned URL: https://youtube.com/shorts/CiSxuyLGC5k?si=sTVu_4AKCaPpG_mR
тЬЕ Success: URL extracted correctly!
Original Text 2: Music: https://www.youtube.com/watch?v=dQw4w9WgXcQ&list=PL123
Cleaned URL 2: https://www.youtube.com/watch?v=dQw4w9WgXcQ
тЬЕ Success: URL extracted and playlist removed!
